{
    "Download genbank [stub]": {
        "content": [
            {
                "0": [
                    [
                        [
                            {
                                "accession": "test"
                            }
                        ],
                        "output.gb:md5,7aad1ec58b439ead323ea7b5ab7eaddb"
                    ]
                ],
                "1": [
                    "versions.yml:md5,47ac8e6a4decc2bdfb4550b2b44e96c7"
                ],
                "gb_sequence": [
                    [
                        [
                            {
                                "accession": "test"
                            }
                        ],
                        "output.gb:md5,7aad1ec58b439ead323ea7b5ab7eaddb"
                    ]
                ],
                "versions": [
                    "versions.yml:md5,47ac8e6a4decc2bdfb4550b2b44e96c7"
                ]
            }
        ],
        "meta": {
            "nf-test": "0.9.2",
            "nextflow": "24.04.3"
        },
        "timestamp": "2024-12-19T16:23:43.300514591"
    },
    "genabank_seq_record": {
        "content": [
            [
                [
                    [
                        {
                            "accession": "test"
                        }
                    ],
                    "output.gb"
                ]
            ]
        ],
        "meta": {
            "nf-test": "0.9.2",
            "nextflow": "24.04.3"
        },
        "timestamp": "2024-12-02T15:31:47.170791005"
    }
}