{
    "peptide_fasta": {
        "content": [
            [
                [
                    [
                        {
                            "test_id": "dummy_core_db_core_110_1",
                            "species": "Genus species"
                        }
                    ],
                    "fasta_pep",
                    "pep.fasta"
                ]
            ]
        ],
        "meta": {
            "nf-test": "0.9.2",
            "nextflow": "24.04.3"
        },
        "timestamp": "2024-12-02T18:03:42.927109271"
    },
    "Fasta Dump Peptide [stub]": {
        "content": [
            {
                "0": [
                    [
                        [
                            {
                                "test_id": "dummy_core_db_core_110_1",
                                "species": "Genus species"
                            }
                        ],
                        "fasta_pep",
                        "pep.fasta:md5,51b32025c7cb77ad3437b6ac129dd0df"
                    ]
                ],
                "1": [
                    "versions.yml:md5,006c65880c710efaa9b684bcb4d6a7a8"
                ],
                "peptide_fasta": [
                    [
                        [
                            {
                                "test_id": "dummy_core_db_core_110_1",
                                "species": "Genus species"
                            }
                        ],
                        "fasta_pep",
                        "pep.fasta:md5,51b32025c7cb77ad3437b6ac129dd0df"
                    ]
                ],
                "versions": [
                    "versions.yml:md5,006c65880c710efaa9b684bcb4d6a7a8"
                ]
            }
        ],
        "meta": {
            "nf-test": "0.9.2",
            "nextflow": "24.10.3"
        },
        "timestamp": "2025-03-11T14:13:33.965197459"
    }
}