{
    "amendgenome (genome.json) - stub": {
        "content": [
            {
                "0": [
                    [
                        {
                            "id": "test"
                        },
                        "genome.json:md5,d41d8cd98f00b204e9800998ecf8427e"
                    ]
                ],
                "1": [
                    "versions.yml:md5,ce556b280384c5a933fb3005c92dba23"
                ],
                "amended_json": [
                    [
                        {
                            "id": "test"
                        },
                        "genome.json:md5,d41d8cd98f00b204e9800998ecf8427e"
                    ]
                ],
                "versions": [
                    "versions.yml:md5,ce556b280384c5a933fb3005c92dba23"
                ]
            }
        ],
        "meta": {
            "nf-test": "0.9.2",
            "nextflow": "24.10.5"
        },
        "timestamp": "2025-03-28T14:41:37.455102"
    }
}