{
    "GCA_000111222.3-genome-meta.json": {
        "content": [
            [
                [
                    {
                        "accession": "GCA_000111222.3"
                    },
                    "GCA_000111222.3-genome-meta.json"
                ]
            ]
        ],
        "meta": {
            "nf-test": "0.9.2",
            "nextflow": "24.10.3"
        },
        "timestamp": "2025-03-24T15:31:12.678842429"
    },
    "Metadata fetch test [real test]": {
        "content": [
            {
                "0": [
                    [
                        {
                            "accession": "GCA_000001215.4"
                        },
                        "GCA_000001215.4-genome-meta.json:md5,2ac66ff0b5c14c2b910122f485f7ca05"
                    ]
                ],
                "1": [
                    "versions.yml:md5,a8f1ba0ddf1d46514d70db64d61f470b"
                ],
                "meta_json": [
                    [
                        {
                            "accession": "GCA_000001215.4"
                        },
                        "GCA_000001215.4-genome-meta.json:md5,2ac66ff0b5c14c2b910122f485f7ca05"
                    ]
                ],
                "versions": [
                    "versions.yml:md5,a8f1ba0ddf1d46514d70db64d61f470b"
                ]
            }
        ],
        "meta": {
            "nf-test": "0.9.2",
            "nextflow": "24.10.3"
        },
        "timestamp": "2025-03-24T15:26:56.308213972"
    },
    "GCA_000001215.4-genome-meta.json": {
        "content": [
            [
                [
                    {
                        "accession": "GCA_000001215.4"
                    },
                    "GCA_000001215.4-genome-meta.json"
                ]
            ]
        ],
        "meta": {
            "nf-test": "0.9.2",
            "nextflow": "24.10.3"
        },
        "timestamp": "2025-03-24T15:26:56.226059575"
    },
    "Metadata fetch test [stub]": {
        "content": [
            {
                "0": [
                    [
                        {
                            "accession": "GCA_000111222.3"
                        },
                        "GCA_000111222.3-genome-meta.json:md5,35290e51b83617b0deb85f4da6fd0b51"
                    ]
                ],
                "1": [
                    "versions.yml:md5,a8f1ba0ddf1d46514d70db64d61f470b"
                ],
                "meta_json": [
                    [
                        {
                            "accession": "GCA_000111222.3"
                        },
                        "GCA_000111222.3-genome-meta.json:md5,35290e51b83617b0deb85f4da6fd0b51"
                    ]
                ],
                "versions": [
                    "versions.yml:md5,a8f1ba0ddf1d46514d70db64d61f470b"
                ]
            }
        ],
        "meta": {
            "nf-test": "0.9.2",
            "nextflow": "24.10.3"
        },
        "timestamp": "2025-03-24T15:31:12.753622423"
    }
}