{
    "versions_no_database": {
        "content": [
            [
                "versions.yml:md5,d817b1f3c9f2bd1f04c668984320951c"
            ]
        ],
        "meta": {
            "nf-test": "0.9.2",
            "nextflow": "24.10.3"
        },
        "timestamp": "2025-06-17T11:31:22.822012541"
    },
    "versions_full": {
        "content": [
            [
                "versions.yml:md5,d817b1f3c9f2bd1f04c668984320951c"
            ]
        ],
        "meta": {
            "nf-test": "0.9.2",
            "nextflow": "24.10.3"
        },
        "timestamp": "2025-06-17T11:30:59.208840884"
    },
    "versions_no_password": {
        "content": [
            [
                "versions.yml:md5,d817b1f3c9f2bd1f04c668984320951c"
            ]
        ],
        "meta": {
            "nf-test": "0.9.2",
            "nextflow": "24.10.3"
        },
        "timestamp": "2025-06-17T11:31:11.312214413"
    },
    "generated_url_full": {
        "content": [
            [
                [
                    {
                        "id": "test1"
                    },
                    "mysql://user1:password1@host1.com:3306/database1"
                ]
            ]
        ],
        "meta": {
            "nf-test": "0.9.2",
            "nextflow": "24.10.5"
        },
        "timestamp": "2025-03-26T15:48:40.650816"
    },
    "generated_url_no_password": {
        "content": [
            [
                [
                    {
                        "id": "test2"
                    },
                    "postgresql://user2@host2.com:5432/database2"
                ]
            ]
        ],
        "meta": {
            "nf-test": "0.9.2",
            "nextflow": "24.10.5"
        },
        "timestamp": "2025-03-26T15:48:42.651032"
    },
    "generated_url_no_database": {
        "content": [
            [
                [
                    {
                        "id": "test3"
                    },
                    "oracle://user3:password3@host3.com:1521"
                ]
            ]
        ],
        "meta": {
            "nf-test": "0.9.2",
            "nextflow": "24.10.5"
        },
        "timestamp": "2025-03-26T15:48:44.600396"
    }
}