{
    "Fasta Process - faa": {
        "content": [
            {
                "0": [
                    
                ],
                "1": [
                    
                ],
                "processed_fasta": [
                    
                ],
                "versions": [
                    
                ]
            }
        ],
        "meta": {
            "nf-test": "0.9.2",
            "nextflow": "24.10.5"
        },
        "timestamp": "2025-03-26T15:56:28.951306"
    },
    "Fasta Process - fna": {
        "content": [
            {
                "0": [
                    
                ],
                "1": [
                    
                ],
                "processed_fasta": [
                    
                ],
                "versions": [
                    
                ]
            }
        ],
        "meta": {
            "nf-test": "0.9.2",
            "nextflow": "24.10.5"
        },
        "timestamp": "2025-03-26T15:56:27.113674"
    }
}