{
    "Dump Genome statistics [stub]": {
        "content": [
            {
                "0": [
                    [
                        [
                            {
                                "test_id": "dummy_core_db_core_110_1",
                                "species": "Genus species"
                            }
                        ],
                        "core_stats.json:md5,dc964a618276360f339d65dabd3e279a"
                    ]
                ],
                "1": [
                    "versions.yml:md5,3874d3d94b6b4756c287444ccd013e28"
                ],
                "core_stats": [
                    [
                        [
                            {
                                "test_id": "dummy_core_db_core_110_1",
                                "species": "Genus species"
                            }
                        ],
                        "core_stats.json:md5,dc964a618276360f339d65dabd3e279a"
                    ]
                ],
                "versions": [
                    "versions.yml:md5,3874d3d94b6b4756c287444ccd013e28"
                ]
            }
        ],
        "meta": {
            "nf-test": "0.9.2",
            "nextflow": "24.10.3"
        },
        "timestamp": "2025-06-17T11:26:56.649041557"
    },
    "genome_stats": {
        "content": [
            [
                [
                    [
                        {
                            "test_id": "dummy_core_db_core_110_1",
                            "species": "Genus species"
                        }
                    ],
                    "core_stats.json"
                ]
            ]
        ],
        "meta": {
            "nf-test": "0.9.2",
            "nextflow": "24.04.3"
        },
        "timestamp": "2024-12-02T17:39:27.332030943"
    }
}