{
    "GFF3 Dump gene models [stub]": {
        "content": [
            {
                "0": [
                    [
                        [
                            {
                                "test_id": "dummy_core_db_core_110_1",
                                "species": "Genus species"
                            }
                        ],
                        "gff3",
                        "gff_outfile.gff3:md5,e8261f55873c877206959c86cc91c678"
                    ]
                ],
                "1": [
                    "versions.yml:md5,f781e978faca3da286270de33f6677a9"
                ],
                "gff3": [
                    [
                        [
                            {
                                "test_id": "dummy_core_db_core_110_1",
                                "species": "Genus species"
                            }
                        ],
                        "gff3",
                        "gff_outfile.gff3:md5,e8261f55873c877206959c86cc91c678"
                    ]
                ],
                "versions": [
                    "versions.yml:md5,f781e978faca3da286270de33f6677a9"
                ]
            }
        ],
        "meta": {
            "nf-test": "0.9.2",
            "nextflow": "24.04.3"
        },
        "timestamp": "2024-12-16T16:14:41.80428652"
    },
    "gff3": {
        "content": [
            [
                [
                    [
                        {
                            "test_id": "dummy_core_db_core_110_1",
                            "species": "Genus species"
                        }
                    ],
                    "gff3",
                    "gff_outfile.gff3"
                ]
            ]
        ],
        "meta": {
            "nf-test": "0.9.2",
            "nextflow": "24.04.3"
        },
        "timestamp": "2024-12-16T16:14:41.678407952"
    }
}